Test Status: FAILED 
